Data/History_221_Monthly.csv
ProductID,ChannelID,LocationID,Qty,Period,StartDate,EndDate,UOM,NetPrice,ListPrice
PEAR_FAMILY,RETAIL,NL-NB,25507.49,Monthly,2023-02-01,2023-02-28,KG,3.149,3.149
PEAR_FAMILY,RETAIL,NL-NB,24582.41,Monthly,2023-03-01,2023-03-31,KG,3.156,3.156
PEAR_FAMILY,RETAIL,NL-NB,23113.28,Monthly,2023-04-01,2023-04-30,KG,3.162,3.162
PEAR_FAMILY,RETAIL,NL-NB,25228.38,Monthly,2023-05-01,2023-05-31,KG,3.14,3.14
PEAR_FAMILY,RETAIL,NL-NB,26213.56,Monthly,2023-06-01,2023-06-30,KG,3.142,3.142
PEAR_FAMILY,RETAIL,NL-NB,28325.34,Monthly,2023-07-01,2023-07-31,KG,3.172,3.172
PEAR_FAMILY,RETAIL,NL-NB,32558.73,Monthly,2023-08-01,2023-08-31,KG,2.539,2.539
PEAR_FAMILY,RETAIL,NL-NB,37995.17,Monthly,2023-09-01,2023-09-30,KG,2.535,2.535
PEAR_FAMILY,RETAIL,NL-NB,35812.15,Monthly,2023-10-01,2023-10-31,KG,2.52,2.52
PEAR_FAMILY,RETAIL,NL-NB,32439.93,Monthly,2023-11-01,2023-11-30,KG,3.147,3.147
PEAR_FAMILY,RETAIL,NL-NB,32213.239999999998,Monthly,2023-12-01,2023-12-31,KG,3.145,3.145
PEAR_FAMILY,RETAIL,NL-NB,30711.940000000002,Monthly,2024-01-01,2024-01-31,KG,3.131,3.131
PEAR_FAMILY,RETAIL,NL-NB,25905.16,Monthly,2024-02-01,2024-02-29,KG,3.133,3.133
PEAR_FAMILY,RETAIL,NL-NB,27256.71,Monthly,2024-03-01,2024-03-31,KG,3.165,3.165
PEAR_FAMILY,RETAIL,NL-NB,23217.829999999998,Monthly,2024-04-01,2024-04-30,KG,3.154,3.162
PEAR_FAMILY,RETAIL,NL-NB,22906.02,Monthly,2024-05-01,2024-05-31,KG,3.149,3.149
PEAR_FAMILY,RETAIL,NL-NB,24648.13,Monthly,2024-06-01,2024-06-30,KG,3.143,3.143
PEAR_FAMILY,RETAIL,NL-NB,28661.55,Monthly,2024-07-01,2024-07-31,KG,3.129,3.129
PEAR_FAMILY,RETAIL,NL-NB,37167.19,Monthly,2024-08-01,2024-08-31,KG,2.369,2.529
PEAR_FAMILY,RETAIL,NL-NB,35442.08,Monthly,2024-09-01,2024-09-30,KG,2.53,2.53
PEAR_FAMILY,RETAIL,NL-NB,36358.15,Monthly,2024-10-01,2024-10-31,KG,2.535,2.535
PEAR_FAMILY,RETAIL,NL-NB,33438.92,Monthly,2024-11-01,2024-11-30,KG,3.138,3.138
PEAR_FAMILY,RETAIL,NL-NB,32377.99,Monthly,2024-12-01,2024-12-31,KG,3.163,3.163
PEAR_FAMILY,RETAIL,NL-NB,28920.170000000002,Monthly,2025-01-01,2025-01-31,KG,3.145,3.145
PEAR_FAMILY,RETAIL,NL-NB,26362.86,Monthly,2025-02-01,2025-02-28,KG,3.168,3.168
PEAR_FAMILY,RETAIL,NL-NB,29891.18,Monthly,2025-03-01,2025-03-31,KG,3.145,3.145
PEAR_FAMILY,RETAIL,NL-NB,26246.75,Monthly,2025-04-01,2025-04-30,KG,3.153,3.153
PEAR_FAMILY,RETAIL,NL-NB,26108.27,Monthly,2025-05-01,2025-05-31,KG,3.146,3.146
PEAR_FAMILY,RETAIL,NL-NB,27744.8,Monthly,2025-06-01,2025-06-30,KG,3.045,3.153
PEAR_FAMILY,RETAIL,NL-NB,29073.5,Monthly,2025-07-01,2025-07-31,KG,3.152,3.152
PEAR_FAMILY,RETAIL,NL-NB,34629.35,Monthly,2025-08-01,2025-08-31,KG,2.529,2.529
PEAR_FAMILY,RETAIL,NL-NB,36303.64,Monthly,2025-09-01,2025-09-30,KG,2.536,2.536
PEAR_FAMILY,RETAIL,NL-NB,35749.43,Monthly,2025-10-01,2025-10-31,KG,2.52,2.52
PEAR_FAMILY,RETAIL,NL-NB,35266.49,Monthly,2025-11-01,2025-11-30,KG,3.147,3.147
PEAR_FAMILY,RETAIL,NL-NB,33866.49,Monthly,2025-12-01,2025-12-31,KG,3.15,3.15
PEAR_FAMILY,RETAIL,NL-NB,30305.87,Monthly,2026-01-01,2026-01-31,KG,3.156,3.156
PEAR_FAMILY,RETAIL,NL-NB,1207.92,Monthly,2026-02-01,2026-02-28,KG,3.194,3.194
PEAR_FAMILY,RETAIL,NL-NH,29988.76,Monthly,2023-02-01,2023-02-28,KG,3.036,3.248
PEAR_FAMILY,RETAIL,NL-NH,26199.670000000002,Monthly,2023-03-01,2023-03-31,KG,3.245,3.245
PEAR_FAMILY,RETAIL,NL-NH,23682.63,Monthly,2023-04-01,2023-04-30,KG,3.256,3.259
PEAR_FAMILY,RETAIL,NL-NH,25692.94,Monthly,2023-05-01,2023-05-31,KG,3.239,3.239
PEAR_FAMILY,RETAIL,NL-NH,27502.3,Monthly,2023-06-01,2023-06-30,KG,3.255,3.255
PEAR_FAMILY,RETAIL,NL-NH,29113.08,Monthly,2023-07-01,2023-07-31,KG,3.221,3.221
PEAR_FAMILY,RETAIL,NL-NH,33104.34,Monthly,2023-08-01,2023-08-31,KG,2.603,2.603
PEAR_FAMILY,RETAIL,NL-NH,38170.32,Monthly,2023-09-01,2023-09-30,KG,2.612,2.612
PEAR_FAMILY,RETAIL,NL-NH,36016.48,Monthly,2023-10-01,2023-10-31,KG,2.599,2.599
PEAR_FAMILY,RETAIL,NL-NH,31807.75,Monthly,2023-11-01,2023-11-30,KG,3.234,3.234
PEAR_FAMILY,RETAIL,NL-NH,33410.5,Monthly,2023-12-01,2023-12-31,KG,3.245,3.268
PEAR_FAMILY,RETAIL,NL-NH,31381.39,Monthly,2024-01-01,2024-01-31,KG,3.243,3.243
PEAR_FAMILY,RETAIL,NL-NH,25634.92,Monthly,2024-02-01,2024-02-29,KG,3.251,3.251
PEAR_FAMILY,RETAIL,NL-NH,27535.43,Monthly,2024-03-01,2024-03-31,KG,3.249,3.249
PEAR_FAMILY,RETAIL,NL-NH,23788.7,Monthly,2024-04-01,2024-04-30,KG,3.239,3.239
PEAR_FAMILY,RETAIL,NL-NH,24538.739999999998,Monthly,2024-05-01,2024-05-31,KG,3.273,3.273
PEAR_FAMILY,RETAIL,NL-NH,25290.33,Monthly,2024-06-01,2024-06-30,KG,3.253,3.253
PEAR_FAMILY,RETAIL,NL-NH,28352.45,Monthly,2024-07-01,2024-07-31,KG,3.247,3.247
PEAR_FAMILY,RETAIL,NL-NH,35636.44,Monthly,2024-08-01,2024-08-31,KG,2.599,2.599
PEAR_FAMILY,RETAIL,NL-NH,35686.48,Monthly,2024-09-01,2024-09-30,KG,2.617,2.617
PEAR_FAMILY,RETAIL,NL-NH,39407.69,Monthly,2024-10-01,2024-10-31,KG,2.611,2.611
PEAR_FAMILY,RETAIL,NL-NH,34602.22,Monthly,2024-11-01,2024-11-30,KG,3.227,3.227
PEAR_FAMILY,RETAIL,NL-NH,34282.38,Monthly,2024-12-01,2024-12-31,KG,3.227,3.247
PEAR_FAMILY,RETAIL,NL-NH,30878.88,Monthly,2025-01-01,2025-01-31,KG,3.225,3.24
PEAR_FAMILY,RETAIL,NL-NH,27321.43,Monthly,2025-02-01,2025-02-28,KG,3.242,3.242
PEAR_FAMILY,RETAIL,NL-NH,31024.17,Monthly,2025-03-01,2025-03-31,KG,3.233,3.233
PEAR_FAMILY,RETAIL,NL-NH,27108.82,Monthly,2025-04-01,2025-04-30,KG,3.232,3.232
PEAR_FAMILY,RETAIL,NL-NH,26814.75,Monthly,2025-05-01,2025-05-31,KG,3.256,3.256
PEAR_FAMILY,RETAIL,NL-NH,26205.93,Monthly,2025-06-01,2025-06-30,KG,3.253,3.253
PEAR_FAMILY,RETAIL,NL-NH,29483.47,Monthly,2025-07-01,2025-07-31,KG,3.236,3.236
PEAR_FAMILY,RETAIL,NL-NH,37020.95,Monthly,2025-08-01,2025-08-31,KG,2.621,2.621
PEAR_FAMILY,RETAIL,NL-NH,36392.81,Monthly,2025-09-01,2025-09-30,KG,2.618,2.618
PEAR_FAMILY,RETAIL,NL-NH,35404.33,Monthly,2025-10-01,2025-10-31,KG,2.62,2.62
PEAR_FAMILY,RETAIL,NL-NH,35826.29,Monthly,2025-11-01,2025-11-30,KG,3.26,3.26
PEAR_FAMILY,RETAIL,NL-NH,35115.89,Monthly,2025-12-01,2025-12-31,KG,3.252,3.252
PEAR_FAMILY,RETAIL,NL-NH,30403.6,Monthly,2026-01-01,2026-01-31,KG,3.274,3.274
PEAR_FAMILY,RETAIL,NL-NH,1116.17,Monthly,2026-02-01,2026-02-28,KG,3.266,3.266
PEAR_FAMILY,RETAIL,NL-ZH,27548.82,Monthly,2023-02-01,2023-02-28,KG,3.33,3.33
PEAR_FAMILY,RETAIL,NL-ZH,26129.29,Monthly,2023-03-01,2023-03-31,KG,3.355,3.355
PEAR_FAMILY,RETAIL,NL-ZH,24860.65,Monthly,2023-04-01,2023-04-30,KG,3.34,3.34
PEAR_FAMILY,RETAIL,NL-ZH,26511.9,Monthly,2023-05-01,2023-05-31,KG,3.349,3.349
PEAR_FAMILY,RETAIL,NL-ZH,28451.83,Monthly,2023-06-01,2023-06-30,KG,3.345,3.351
PEAR_FAMILY,RETAIL,NL-ZH,29753.22,Monthly,2023-07-01,2023-07-31,KG,3.342,3.342
PEAR_FAMILY,RETAIL,NL-ZH,34894.36,Monthly,2023-08-01,2023-08-31,KG,2.692,2.7
PEAR_FAMILY,RETAIL,NL-ZH,39543.96,Monthly,2023-09-01,2023-09-30,KG,2.685,2.685
PEAR_FAMILY,RETAIL,NL-ZH,37194.94,Monthly,2023-10-01,2023-10-31,KG,2.703,2.703
PEAR_FAMILY,RETAIL,NL-ZH,33266.88,Monthly,2023-11-01,2023-11-30,KG,3.344,3.344
PEAR_FAMILY,RETAIL,NL-ZH,34069.75,Monthly,2023-12-01,2023-12-31,KG,3.362,3.362
PEAR_FAMILY,RETAIL,NL-ZH,33205.35,Monthly,2024-01-01,2024-01-31,KG,3.36,3.36
PEAR_FAMILY,RETAIL,NL-ZH,27172.31,Monthly,2024-02-01,2024-02-29,KG,3.331,3.331
PEAR_FAMILY,RETAIL,NL-ZH,28577.37,Monthly,2024-03-01,2024-03-31,KG,3.337,3.337
PEAR_FAMILY,RETAIL,NL-ZH,24584.72,Monthly,2024-04-01,2024-04-30,KG,3.356,3.356
PEAR_FAMILY,RETAIL,NL-ZH,25126.18,Monthly,2024-05-01,2024-05-31,KG,3.329,3.329
PEAR_FAMILY,RETAIL,NL-ZH,26228.63,Monthly,2024-06-01,2024-06-30,KG,3.365,3.365
PEAR_FAMILY,RETAIL,NL-ZH,28446.12,Monthly,2024-07-01,2024-07-31,KG,3.343,3.343
PEAR_FAMILY,RETAIL,NL-ZH,36513.22,Monthly,2024-08-01,2024-08-31,KG,2.688,2.688
PEAR_FAMILY,RETAIL,NL-ZH,36470.62,Monthly,2024-09-01,2024-09-30,KG,2.675,2.675
PEAR_FAMILY,RETAIL,NL-ZH,40069.24,Monthly,2024-10-01,2024-10-31,KG,2.688,2.688
PEAR_FAMILY,RETAIL,NL-ZH,35295.51,Monthly,2024-11-01,2024-11-30,KG,3.344,3.344
PEAR_FAMILY,RETAIL,NL-ZH,35136.97,Monthly,2024-12-01,2024-12-31,KG,3.346,3.346
PEAR_FAMILY,RETAIL,NL-ZH,31540.559999999998,Monthly,2025-01-01,2025-01-31,KG,3.351,3.351
PEAR_FAMILY,RETAIL,NL-ZH,27533.64,Monthly,2025-02-01,2025-02-28,KG,3.347,3.347
PEAR_FAMILY,RETAIL,NL-ZH,32316.73,Monthly,2025-03-01,2025-03-31,KG,3.32,3.32
PEAR_FAMILY,RETAIL,NL-ZH,28795.7,Monthly,2025-04-01,2025-04-30,KG,3.346,3.346
PEAR_FAMILY,RETAIL,NL-ZH,28087.31,Monthly,2025-05-01,2025-05-31,KG,3.343,3.343
PEAR_FAMILY,RETAIL,NL-ZH,27375.93,Monthly,2025-06-01,2025-06-30,KG,3.355,3.355
PEAR_FAMILY,RETAIL,NL-ZH,31023.28,Monthly,2025-07-01,2025-07-31,KG,3.344,3.344
PEAR_FAMILY,RETAIL,NL-ZH,37254.45,Monthly,2025-08-01,2025-08-31,KG,2.697,2.697
PEAR_FAMILY,RETAIL,NL-ZH,37836.11,Monthly,2025-09-01,2025-09-30,KG,2.686,2.686
PEAR_FAMILY,RETAIL,NL-ZH,37835.79,Monthly,2025-10-01,2025-10-31,KG,2.696,2.696
PEAR_FAMILY,RETAIL,NL-ZH,37165.93,Monthly,2025-11-01,2025-11-30,KG,3.345,3.345
PEAR_FAMILY,RETAIL,NL-ZH,37399.75,Monthly,2025-12-01,2025-12-31,KG,3.344,3.344
PEAR_FAMILY,RETAIL,NL-ZH,32228.03,Monthly,2026-01-01,2026-01-31,KG,3.346,3.346
PEAR_FAMILY,RETAIL,NL-ZH,1391.91,Monthly,2026-02-01,2026-02-28,KG,3.3,3.3
PEAR_FAMILY,WHOLESALE,NL-GE,21263.08,Monthly,2023-02-01,2023-02-28,KG,3.072,3.072
PEAR_FAMILY,WHOLESALE,NL-GE,20459.75,Monthly,2023-03-01,2023-03-31,KG,3.053,3.053
PEAR_FAMILY,WHOLESALE,NL-GE,19240.55,Monthly,2023-04-01,2023-04-30,KG,3.066,3.066
PEAR_FAMILY,WHOLESALE,NL-GE,20954.74,Monthly,2023-05-01,2023-05-31,KG,3.045,3.045
PEAR_FAMILY,WHOLESALE,NL-GE,22119.5,Monthly,2023-06-01,2023-06-30,KG,3.063,3.063
PEAR_FAMILY,WHOLESALE,NL-GE,23344.97,Monthly,2023-07-01,2023-07-31,KG,3.062,3.062
PEAR_FAMILY,WHOLESALE,NL-GE,26989.69,Monthly,2023-08-01,2023-08-31,KG,2.464,2.464
PEAR_FAMILY,WHOLESALE,NL-GE,30836.31,Monthly,2023-09-01,2023-09-30,KG,2.463,2.463
PEAR_FAMILY,WHOLESALE,NL-GE,28743.35,Monthly,2023-10-01,2023-10-31,KG,2.439,2.439
PEAR_FAMILY,WHOLESALE,NL-GE,26885.65,Monthly,2023-11-01,2023-11-30,KG,3.032,3.032
PEAR_FAMILY,WHOLESALE,NL-GE,25258.95,Monthly,2023-12-01,2023-12-31,KG,3.071,3.071
PEAR_FAMILY,WHOLESALE,NL-GE,24978.829999999998,Monthly,2024-01-01,2024-01-31,KG,3.05,3.05
PEAR_FAMILY,WHOLESALE,NL-GE,21281.87,Monthly,2024-02-01,2024-02-29,KG,3.058,3.058
PEAR_FAMILY,WHOLESALE,NL-GE,22283.29,Monthly,2024-03-01,2024-03-31,KG,3.048,3.048
PEAR_FAMILY,WHOLESALE,NL-GE,19386.07,Monthly,2024-04-01,2024-04-30,KG,3.051,3.051
PEAR_FAMILY,WHOLESALE,NL-GE,20174.64,Monthly,2024-05-01,2024-05-31,KG,3.067,3.067
PEAR_FAMILY,WHOLESALE,NL-GE,19987.98,Monthly,2024-06-01,2024-06-30,KG,3.064,3.064
PEAR_FAMILY,WHOLESALE,NL-GE,24017.46,Monthly,2024-07-01,2024-07-31,KG,3.05,3.05
PEAR_FAMILY,WHOLESALE,NL-GE,27465.14,Monthly,2024-08-01,2024-08-31,KG,2.459,2.459
PEAR_FAMILY,WHOLESALE,NL-GE,28714.38,Monthly,2024-09-01,2024-09-30,KG,2.464,2.464
PEAR_FAMILY,WHOLESALE,NL-GE,31066.48,Monthly,2024-10-01,2024-10-31,KG,2.449,2.449
PEAR_FAMILY,WHOLESALE,NL-GE,27807.16,Monthly,2024-11-01,2024-11-30,KG,3.052,3.052
PEAR_FAMILY,WHOLESALE,NL-GE,26827.16,Monthly,2024-12-01,2024-12-31,KG,3.051,3.051
PEAR_FAMILY,WHOLESALE,NL-GE,24272.48,Monthly,2025-01-01,2025-01-31,KG,3.053,3.053
PEAR_FAMILY,WHOLESALE,NL-GE,21279.52,Monthly,2025-02-01,2025-02-28,KG,3.06,3.06
PEAR_FAMILY,WHOLESALE,NL-GE,24759.23,Monthly,2025-03-01,2025-03-31,KG,3.055,3.055
PEAR_FAMILY,WHOLESALE,NL-GE,22084.68,Monthly,2025-04-01,2025-04-30,KG,3.048,3.048
PEAR_FAMILY,WHOLESALE,NL-GE,21349.31,Monthly,2025-05-01,2025-05-31,KG,3.048,3.048
PEAR_FAMILY,WHOLESALE,NL-GE,21119.18,Monthly,2025-06-01,2025-06-30,KG,3.06,3.06
PEAR_FAMILY,WHOLESALE,NL-GE,24515.9,Monthly,2025-07-01,2025-07-31,KG,3.055,3.055
PEAR_FAMILY,WHOLESALE,NL-GE,28834.91,Monthly,2025-08-01,2025-08-31,KG,2.448,2.448
PEAR_FAMILY,WHOLESALE,NL-GE,29584.24,Monthly,2025-09-01,2025-09-30,KG,2.454,2.454
PEAR_FAMILY,WHOLESALE,NL-GE,29509.63,Monthly,2025-10-01,2025-10-31,KG,2.453,2.453
PEAR_FAMILY,WHOLESALE,NL-GE,28041.42,Monthly,2025-11-01,2025-11-30,KG,3.072,3.072
PEAR_FAMILY,WHOLESALE,NL-GE,29072.670000000002,Monthly,2025-12-01,2025-12-31,KG,3.052,3.052
PEAR_FAMILY,WHOLESALE,NL-GE,24805.32,Monthly,2026-01-01,2026-01-31,KG,3.059,3.059
PEAR_FAMILY,WHOLESALE,NL-GE,785.44,Monthly,2026-02-01,2026-02-28,KG,3.092,3.092
PEAR_FAMILY,WHOLESALE,NL-NB,21615.239999999998,Monthly,2023-02-01,2023-02-28,KG,3.147,3.147
PEAR_FAMILY,WHOLESALE,NL-NB,20643.33,Monthly,2023-03-01,2023-03-31,KG,3.16,3.16
PEAR_FAMILY,WHOLESALE,NL-NB,19333.77,Monthly,2023-04-01,2023-04-30,KG,3.154,3.154
PEAR_FAMILY,WHOLESALE,NL-NB,21469.33,Monthly,2023-05-01,2023-05-31,KG,3.162,3.162
PEAR_FAMILY,WHOLESALE,NL-NB,22733.51,Monthly,2023-06-01,2023-06-30,KG,3.15,3.15
PEAR_FAMILY,WHOLESALE,NL-NB,23988.73,Monthly,2023-07-01,2023-07-31,KG,3.145,3.145
PEAR_FAMILY,WHOLESALE,NL-NB,28445.67,Monthly,2023-08-01,2023-08-31,KG,2.542,2.542
PEAR_FAMILY,WHOLESALE,NL-NB,31829.18,Monthly,2023-09-01,2023-09-30,KG,2.531,2.531
PEAR_FAMILY,WHOLESALE,NL-NB,30823.45,Monthly,2023-10-01,2023-10-31,KG,2.526,2.526
PEAR_FAMILY,WHOLESALE,NL-NB,28051.53,Monthly,2023-11-01,2023-11-30,KG,3.159,3.159
PEAR_FAMILY,WHOLESALE,NL-NB,27148.38,Monthly,2023-12-01,2023-12-31,KG,3.153,3.153
PEAR_FAMILY,WHOLESALE,NL-NB,26344.2,Monthly,2024-01-01,2024-01-31,KG,3.122,3.122
PEAR_FAMILY,WHOLESALE,NL-NB,21857.16,Monthly,2024-02-01,2024-02-29,KG,3.156,3.156
PEAR_FAMILY,WHOLESALE,NL-NB,22889.88,Monthly,2024-03-01,2024-03-31,KG,3.169,3.169
PEAR_FAMILY,WHOLESALE,NL-NB,19870.32,Monthly,2024-04-01,2024-04-30,KG,3.15,3.15
PEAR_FAMILY,WHOLESALE,NL-NB,19929.67,Monthly,2024-05-01,2024-05-31,KG,3.144,3.144
PEAR_FAMILY,WHOLESALE,NL-NB,20560.71,Monthly,2024-06-01,2024-06-30,KG,3.136,3.136
PEAR_FAMILY,WHOLESALE,NL-NB,24570.09,Monthly,2024-07-01,2024-07-31,KG,3.15,3.15
PEAR_FAMILY,WHOLESALE,NL-NB,28792.37,Monthly,2024-08-01,2024-08-31,KG,2.53,2.53
PEAR_FAMILY,WHOLESALE,NL-NB,29527.02,Monthly,2024-09-01,2024-09-30,KG,2.519,2.539
PEAR_FAMILY,WHOLESALE,NL-NB,31599.65,Monthly,2024-10-01,2024-10-31,KG,2.546,2.546
PEAR_FAMILY,WHOLESALE,NL-NB,28709.48,Monthly,2024-11-01,2024-11-30,KG,3.135,3.135
PEAR_FAMILY,WHOLESALE,NL-NB,27867.97,Monthly,2024-12-01,2024-12-31,KG,3.154,3.154
PEAR_FAMILY,WHOLESALE,NL-NB,24755.21,Monthly,2025-01-01,2025-01-31,KG,3.153,3.153
PEAR_FAMILY,WHOLESALE,NL-NB,22525.76,Monthly,2025-02-01,2025-02-28,KG,3.149,3.149
PEAR_FAMILY,WHOLESALE,NL-NB,25310.27,Monthly,2025-03-01,2025-03-31,KG,3.154,3.154
PEAR_FAMILY,WHOLESALE,NL-NB,22405.46,Monthly,2025-04-01,2025-04-30,KG,3.157,3.157
PEAR_FAMILY,WHOLESALE,NL-NB,22217.95,Monthly,2025-05-01,2025-05-31,KG,3.148,3.148
PEAR_FAMILY,WHOLESALE,NL-NB,22545.68,Monthly,2025-06-01,2025-06-30,KG,3.15,3.15
PEAR_FAMILY,WHOLESALE,NL-NB,25164.73,Monthly,2025-07-01,2025-07-31,KG,3.151,3.151
PEAR_FAMILY,WHOLESALE,NL-NB,29681.05,Monthly,2025-08-01,2025-08-31,KG,2.541,2.541
PEAR_FAMILY,WHOLESALE,NL-NB,31821.77,Monthly,2025-09-01,2025-09-30,KG,2.536,2.536
PEAR_FAMILY,WHOLESALE,NL-NB,30263.95,Monthly,2025-10-01,2025-10-31,KG,2.544,2.544
PEAR_FAMILY,WHOLESALE,NL-NB,29757.489999999998,Monthly,2025-11-01,2025-11-30,KG,3.148,3.148
PEAR_FAMILY,WHOLESALE,NL-NB,29157.22,Monthly,2025-12-01,2025-12-31,KG,3.137,3.137
PEAR_FAMILY,WHOLESALE,NL-NB,25953.85,Monthly,2026-01-01,2026-01-31,KG,3.159,3.159
PEAR_FAMILY,WHOLESALE,NL-NB,739.61,Monthly,2026-02-01,2026-02-28,KG,3.145,3.145
