Data/History_221_Monthly.csv
ProductID,ChannelID,LocationID,Qty,Period,StartDate,EndDate,UOM,NetPrice,ListPrice
PEAR_FAMILY,WHOLESALE,NL-NH,22253.33,Monthly,2023-02-01,2023-02-28,KG,3.253,3.253
PEAR_FAMILY,WHOLESALE,NL-NH,22174.43,Monthly,2023-03-01,2023-03-31,KG,3.237,3.237
PEAR_FAMILY,WHOLESALE,NL-NH,19905.68,Monthly,2023-04-01,2023-04-30,KG,3.243,3.243
PEAR_FAMILY,WHOLESALE,NL-NH,22337.4,Monthly,2023-05-01,2023-05-31,KG,3.242,3.242
PEAR_FAMILY,WHOLESALE,NL-NH,23285.23,Monthly,2023-06-01,2023-06-30,KG,3.235,3.235
PEAR_FAMILY,WHOLESALE,NL-NH,24944.14,Monthly,2023-07-01,2023-07-31,KG,3.238,3.238
PEAR_FAMILY,WHOLESALE,NL-NH,29127.9,Monthly,2023-08-01,2023-08-31,KG,2.608,2.608
PEAR_FAMILY,WHOLESALE,NL-NH,32092.01,Monthly,2023-09-01,2023-09-30,KG,2.615,2.615
PEAR_FAMILY,WHOLESALE,NL-NH,30930.18,Monthly,2023-10-01,2023-10-31,KG,2.615,2.615
PEAR_FAMILY,WHOLESALE,NL-NH,28064.25,Monthly,2023-11-01,2023-11-30,KG,3.239,3.239
PEAR_FAMILY,WHOLESALE,NL-NH,27916.010000000002,Monthly,2023-12-01,2023-12-31,KG,3.253,3.253
PEAR_FAMILY,WHOLESALE,NL-NH,26957.71,Monthly,2024-01-01,2024-01-31,KG,3.243,3.243
PEAR_FAMILY,WHOLESALE,NL-NH,21988.5,Monthly,2024-02-01,2024-02-29,KG,3.244,3.244
PEAR_FAMILY,WHOLESALE,NL-NH,24192.35,Monthly,2024-03-01,2024-03-31,KG,3.25,3.25
PEAR_FAMILY,WHOLESALE,NL-NH,20491.57,Monthly,2024-04-01,2024-04-30,KG,3.252,3.252
PEAR_FAMILY,WHOLESALE,NL-NH,21231.28,Monthly,2024-05-01,2024-05-31,KG,3.245,3.245
PEAR_FAMILY,WHOLESALE,NL-NH,21694.51,Monthly,2024-06-01,2024-06-30,KG,3.242,3.242
PEAR_FAMILY,WHOLESALE,NL-NH,24725.37,Monthly,2024-07-01,2024-07-31,KG,3.231,3.239
PEAR_FAMILY,WHOLESALE,NL-NH,30249.66,Monthly,2024-08-01,2024-08-31,KG,2.604,2.604
PEAR_FAMILY,WHOLESALE,NL-NH,30516.329999999998,Monthly,2024-09-01,2024-09-30,KG,2.621,2.621
PEAR_FAMILY,WHOLESALE,NL-NH,33844.39,Monthly,2024-10-01,2024-10-31,KG,2.616,2.616
PEAR_FAMILY,WHOLESALE,NL-NH,29179.11,Monthly,2024-11-01,2024-11-30,KG,3.239,3.239
PEAR_FAMILY,WHOLESALE,NL-NH,28696.72,Monthly,2024-12-01,2024-12-31,KG,3.258,3.258
PEAR_FAMILY,WHOLESALE,NL-NH,26409.95,Monthly,2025-01-01,2025-01-31,KG,3.24,3.24
PEAR_FAMILY,WHOLESALE,NL-NH,23158.99,Monthly,2025-02-01,2025-02-28,KG,3.258,3.258
PEAR_FAMILY,WHOLESALE,NL-NH,26279.62,Monthly,2025-03-01,2025-03-31,KG,3.262,3.262
PEAR_FAMILY,WHOLESALE,NL-NH,23697.13,Monthly,2025-04-01,2025-04-30,KG,3.259,3.259
PEAR_FAMILY,WHOLESALE,NL-NH,23187.85,Monthly,2025-05-01,2025-05-31,KG,3.252,3.252
PEAR_FAMILY,WHOLESALE,NL-NH,22884.46,Monthly,2025-06-01,2025-06-30,KG,3.243,3.243
PEAR_FAMILY,WHOLESALE,NL-NH,25601.08,Monthly,2025-07-01,2025-07-31,KG,3.247,3.247
PEAR_FAMILY,WHOLESALE,NL-NH,30257.97,Monthly,2025-08-01,2025-08-31,KG,2.603,2.603
PEAR_FAMILY,WHOLESALE,NL-NH,30966.94,Monthly,2025-09-01,2025-09-30,KG,2.606,2.606
PEAR_FAMILY,WHOLESALE,NL-NH,30561.32,Monthly,2025-10-01,2025-10-31,KG,2.623,2.623
PEAR_FAMILY,WHOLESALE,NL-NH,30238.38,Monthly,2025-11-01,2025-11-30,KG,3.243,3.243
PEAR_FAMILY,WHOLESALE,NL-NH,30645.61,Monthly,2025-12-01,2025-12-31,KG,3.235,3.235
PEAR_FAMILY,WHOLESALE,NL-NH,25951.13,Monthly,2026-01-01,2026-01-31,KG,3.241,3.241
PEAR_FAMILY,WHOLESALE,NL-NH,828.1999999999999,Monthly,2026-02-01,2026-02-28,KG,3.224,3.224
PEAR_FAMILY,WHOLESALE,NL-ZH,23854.71,Monthly,2023-02-01,2023-02-28,KG,3.342,3.342
PEAR_FAMILY,WHOLESALE,NL-ZH,22725.24,Monthly,2023-03-01,2023-03-31,KG,3.355,3.355
PEAR_FAMILY,WHOLESALE,NL-ZH,20665.89,Monthly,2023-04-01,2023-04-30,KG,3.347,3.347
PEAR_FAMILY,WHOLESALE,NL-ZH,22913.59,Monthly,2023-05-01,2023-05-31,KG,3.345,3.345
PEAR_FAMILY,WHOLESALE,NL-ZH,24383.92,Monthly,2023-06-01,2023-06-30,KG,3.347,3.347
PEAR_FAMILY,WHOLESALE,NL-ZH,25002.17,Monthly,2023-07-01,2023-07-31,KG,3.325,3.325
PEAR_FAMILY,WHOLESALE,NL-ZH,29588.27,Monthly,2023-08-01,2023-08-31,KG,2.689,2.689
PEAR_FAMILY,WHOLESALE,NL-ZH,33672.8,Monthly,2023-09-01,2023-09-30,KG,2.69,2.69
PEAR_FAMILY,WHOLESALE,NL-ZH,32197.69,Monthly,2023-10-01,2023-10-31,KG,2.68,2.68
PEAR_FAMILY,WHOLESALE,NL-ZH,28718.489999999998,Monthly,2023-11-01,2023-11-30,KG,3.331,3.331
PEAR_FAMILY,WHOLESALE,NL-ZH,29085.75,Monthly,2023-12-01,2023-12-31,KG,3.336,3.336
PEAR_FAMILY,WHOLESALE,NL-ZH,28416.04,Monthly,2024-01-01,2024-01-31,KG,3.352,3.352
PEAR_FAMILY,WHOLESALE,NL-ZH,23587.73,Monthly,2024-02-01,2024-02-29,KG,3.336,3.336
PEAR_FAMILY,WHOLESALE,NL-ZH,24181.809999999998,Monthly,2024-03-01,2024-03-31,KG,3.354,3.354
PEAR_FAMILY,WHOLESALE,NL-ZH,21018.59,Monthly,2024-04-01,2024-04-30,KG,3.34,3.34
PEAR_FAMILY,WHOLESALE,NL-ZH,21648.12,Monthly,2024-05-01,2024-05-31,KG,3.338,3.338
PEAR_FAMILY,WHOLESALE,NL-ZH,22380.64,Monthly,2024-06-01,2024-06-30,KG,3.353,3.353
PEAR_FAMILY,WHOLESALE,NL-ZH,25406.93,Monthly,2024-07-01,2024-07-31,KG,3.339,3.351
PEAR_FAMILY,WHOLESALE,NL-ZH,31214.440000000002,Monthly,2024-08-01,2024-08-31,KG,2.682,2.682
PEAR_FAMILY,WHOLESALE,NL-ZH,30615.3,Monthly,2024-09-01,2024-09-30,KG,2.686,2.686
PEAR_FAMILY,WHOLESALE,NL-ZH,34162.19,Monthly,2024-10-01,2024-10-31,KG,2.696,2.696
PEAR_FAMILY,WHOLESALE,NL-ZH,30169.5,Monthly,2024-11-01,2024-11-30,KG,3.34,3.34
PEAR_FAMILY,WHOLESALE,NL-ZH,29826.14,Monthly,2024-12-01,2024-12-31,KG,3.341,3.341
PEAR_FAMILY,WHOLESALE,NL-ZH,27352.33,Monthly,2025-01-01,2025-01-31,KG,3.35,3.35
PEAR_FAMILY,WHOLESALE,NL-ZH,23626.56,Monthly,2025-02-01,2025-02-28,KG,3.343,3.343
PEAR_FAMILY,WHOLESALE,NL-ZH,27319.85,Monthly,2025-03-01,2025-03-31,KG,3.359,3.359
PEAR_FAMILY,WHOLESALE,NL-ZH,24582.76,Monthly,2025-04-01,2025-04-30,KG,3.35,3.35
PEAR_FAMILY,WHOLESALE,NL-ZH,23558.71,Monthly,2025-05-01,2025-05-31,KG,3.369,3.369
PEAR_FAMILY,WHOLESALE,NL-ZH,23344.34,Monthly,2025-06-01,2025-06-30,KG,3.356,3.356
PEAR_FAMILY,WHOLESALE,NL-ZH,27050.74,Monthly,2025-07-01,2025-07-31,KG,3.341,3.341
PEAR_FAMILY,WHOLESALE,NL-ZH,31109.07,Monthly,2025-08-01,2025-08-31,KG,2.696,2.696
PEAR_FAMILY,WHOLESALE,NL-ZH,32962.03,Monthly,2025-09-01,2025-09-30,KG,2.689,2.689
PEAR_FAMILY,WHOLESALE,NL-ZH,32432.59,Monthly,2025-10-01,2025-10-31,KG,2.682,2.682
PEAR_FAMILY,WHOLESALE,NL-ZH,31173.260000000002,Monthly,2025-11-01,2025-11-30,KG,3.34,3.34
PEAR_FAMILY,WHOLESALE,NL-ZH,32111.96,Monthly,2025-12-01,2025-12-31,KG,3.347,3.347
PEAR_FAMILY,WHOLESALE,NL-ZH,27127.21,Monthly,2026-01-01,2026-01-31,KG,3.344,3.344
PEAR_FAMILY,WHOLESALE,NL-ZH,898.73,Monthly,2026-02-01,2026-02-28,KG,3.37,3.37
